// Jest Snapshot v1, https://goo.gl/fbAQLP

exports[`List component renders the Card as expected 1`] = `
<section
  className="List"
>
  <header
    className="List-header"
  >
    <h2>
      Title
    </h2>
  </header>
  <div
    className="List-cards"
  >
    <div
      className="Card"
    >
      <button
        type="button"
      >
        delete
      </button>
      <h3>
        a
      </h3>
      <p>
        b
      </p>
    </div>
    <div
      className="Card"
    >
      <button
        type="button"
      >
        delete
      </button>
      <h3>
        c
      </h3>
      <p>
        d
      </p>
    </div>
    <button
      className="List-add-button"
      type="button"
    >
      + Add Random Card
    </button>
  </div>
</section>
`;
